// Jest Snapshot v1, https://goo.gl/fbAQLP

exports[`Price Rendering with Theme 1`] = `
.c0 {
  width: 100%;
  margin: 0;
  padding: 0;
  font-family: 'Helvetica Neue',Helvetica,Arial,sans-serif;
  line-height: 1.4;
}

.c0 * {
  box-sizing: border-box;
}

.c1 {
  display: inline-block;
  font-size: 12px;
  color: #3c910e;
}

<div
  className="c0"
>
  <span
    className="c1"
  >
    100
  </span>
</div>
`;

exports[`Price Rendering without Theme, use design-system Text 1`] = `
.c0 {
  font-size: 12px;
  color: #0a0;
}

<span
  className="c0"
  color="green"
  fontSize={0}
>
  100
</span>
`;
