// Jest Snapshot v1, https://goo.gl/fbAQLP

exports[`Dummy Component renders correctly with required props 1`] = `
.c1 {
  background-color: #333;
}

.c0 {
  color: red;
  width: 100%;
}

<div
  className="c0"
>
  My fake dummy prop is 
  40
  <button
    className="c1"
    onClick={[Function]}
  >
    Hey! Click on me please!
  </button>
</div>
`;
